// Jest Snapshot v1, https://goo.gl/fbAQLP

exports[`snapshot testing snapshot for Profile component 1`] = `
<div
  className="Reservations"
>
  <div
    className="Reservations__div"
  >
    <h1>
      My
      Missions
    </h1>
    <p
      className="Reservations__div_none"
    >
      No missions joined
    </p>
  </div>
  <div
    className="Reservations__div"
  >
    <h1>
      My
      Rockets
    </h1>
    <p
      className="Reservations__div_none"
    >
      No rockets reserved
    </p>
  </div>
</div>
`;
